// Jest Snapshot v1, https://goo.gl/fbAQLP

exports[`<Text> as default Renders correctly 1`] = `
<Text
  style={
    Array [
      Object {
        "color": undefined,
      },
      Object {
        "fontFamily": "Inter_400Regular",
        "fontSize": 12,
      },
      undefined,
    ]
  }
  testID="text-0"
>
  This is a text
</Text>
`;
